{"ts": "2026-08-31T17:24:40Z", "url": "https://api.github.com/repos/red/red", "http_status": 200, "detail": ""}
{"ts": "2026-08-31T17:24:41Z", "url": "https://api.github.com/repos/red/red/tags?per_page=100", "http_status": 200, "detail": ""}
{"ts": "2026-08-31T17:24:41Z", "url": "https://api.github.com/repos/red/red/releases?per_page=100", "http_status": 200, "detail": ""}
{"ts": "2026-08-31T17:24:42Z", "url": "https://api.github.com/orgs/red/repos?per_page=100", "http_status": 200, "detail": ""}
{"ts": "2026-08-31T17:24:42Z", "url": "https://api.github.com/repos/metaeducation/ren-c", "http_status": 200, "detail": ""}
{"ts": "2026-08-31T17:24:43Z", "url": "https://api.github.com/repos/metaeducation/ren-c/tags?per_page=100", "http_status": 200, "detail": ""}
{"ts": "2026-08-31T17:24:43Z", "url": "https://api.github.com/repos/metaeducation/ren-c/releases?per_page=100", "http_status": 200, "detail": ""}
{"ts": "2026-08-31T17:24:43Z", "url": "https://api.github.com/repos/rebol/rebol", "http_status": 200, "detail": ""}
{"ts": "2026-08-31T17:24:44Z", "url": "https://api.github.com/orgs/rebol/repos?per_page=100", "http_status": 200, "detail": ""}
{"ts": "2026-08-31T17:24:44Z", "url": "https://api.github.com/repos/Oldes/Rebol-legacy", "http_status": 404, "detail": "Not Found"}
{"ts": "2026-08-31T17:24:44Z", "url": "https://api.github.com/repos/Oldes/Rebol3", "http_status": 200, "detail": ""}
{"ts": "2026-08-31T17:24:45Z", "url": "https://api.github.com/search/repositories?q=rebol%202.7.8&per_page=10", "http_status": 200, "detail": ""}
{"ts": "2026-08-31T17:24:47Z", "url": "https://api.github.com/search/repositories?q=red%20language%20compiler&per_page=10", "http_status": 200, "detail": ""}
{"ts": "2026-08-31T17:24:50Z", "url": "https://api.github.com/search/repositories?q=red-system&per_page=10", "http_status": 200, "detail": ""}
{"ts": "2026-08-31T17:27:52Z", "tool": "02_git", "event": "git-evidence recorded for red"}
{"ts": "2026-08-31T17:27:52Z", "tool": "02_git", "event": "git-evidence recorded for rebol_rebol"}
{"ts": "2026-08-31T17:27:52Z", "tool": "02_git", "event": "git-evidence recorded for rebolsource_r3"}
{"ts": "2026-08-31T17:27:52Z", "tool": "02_git", "event": "git-evidence recorded for metaeducation_ren-c"}
{"ts": "2026-08-31T17:27:52Z", "tool": "02_git", "event": "git-evidence recorded for Oldes_Rebol3"}
{"ts": "2026-08-31T17:27:52Z", "tool": "02_git", "event": "git-evidence recorded for rebolsource_rebol-syntax"}
{"ts": "2026-08-31T17:27:52Z", "tool": "02_git", "event": "git-evidence recorded for rebolsource_rebol-test"}
{"ts": "2026-08-31T17:28:39Z", "url": "https://codeload.github.com/red/red/tar.gz/refs/tags/v0.6.6", "http_status": 200, "size": 2466547, "action": "download"}
{"ts": "2026-08-31T17:28:39Z", "url": "https://codeload.github.com/red/red/tar.gz/refs/tags/v0.6.4", "http_status": 200, "size": 1853560, "action": "download"}
{"ts": "2026-08-31T17:28:40Z", "url": "https://codeload.github.com/rebol/rebol/tar.gz/25033f897b2bd466068d7663563cd3ff64740b94", "http_status": 200, "size": 739317, "action": "download"}
{"ts": "2026-08-31T17:28:41Z", "url": "https://codeload.github.com/metaeducation/ren-c/tar.gz/e31d5698d73678d797df319eb855b3995716d9f1", "http_status": 200, "size": 3006669, "action": "download"}
{"ts": "2026-08-31T17:28:41Z", "url": "https://codeload.github.com/rebolsource/r3/tar.gz/98cdfcd6e439390756868b390b0ff8aa01d84551", "http_status": 200, "size": 739684, "action": "download"}
{"ts": "2026-08-31T17:28:42Z", "url": "https://codeload.github.com/Oldes/Rebol3/tar.gz/d5b237cea60d06b72c59bb6dbed0022b482f4c57", "http_status": 200, "size": 4339272, "action": "download"}
{"ts": "2026-08-31T17:28:42Z", "url": "https://codeload.github.com/rebolsource/rebol-syntax/tar.gz/4ff11396312d0ccd8490191571206f628be79e8e", "http_status": 200, "size": 3679, "action": "download"}
{"ts": "2026-08-31T17:28:42Z", "url": "https://codeload.github.com/rebolsource/rebol-test/tar.gz/409ef5c2270a766a6262d883e6fc5ea9d1ec6234", "http_status": 200, "size": 91308, "action": "download"}
{"ts": "2026-08-31T17:28:43Z", "url": "https://api.github.com/repos/red/red/contents/tests/libRed/libRed.dll?ref=v0.6.6", "http_status": 200, "size": 1271296, "action": "blob-download"}
{"ts": "2026-08-31T17:28:44Z", "url": "https://api.github.com/repos/red/red/contents/system/tests/source/units/libs/libstructlib.so?ref=v0.6.6", "http_status": 200, "size": 11652, "action": "blob-download"}
{"ts": "2026-08-31T17:28:44Z", "url": "https://api.github.com/repos/red/red/contents/system/tests/source/units/libs/structlib.dll?ref=v0.6.6", "http_status": 200, "size": 72704, "action": "blob-download"}
