command: bash acquisition-tools/reproduce_acquisition.sh
host: sandbox x86_64 linux
started: 2026-08-31T18:11:20Z
duration_s: 19.1
exit_code: 0

STDOUT:
== cloning ==
== downloading + whole-tree verifying 22 archives ==
OK   red/red v0.6.6 (673/673) sha256=23a02a53e0dcbf8da24c639014685de935d74c19a0b5b70a4ecade7b917bb63b
OK   red/red v0.6.5 (638/638) sha256=fdd330557b88406124ccb4c5191c27701b5650549f436fd941c56467fcea27cb
OK   red/red v0.6.4 (538/538) sha256=d69d69f332cc14886177cb3bff8650bc4220828ae90836ebcd815af3a88a5045
OK   red/red v0.6.3 (503/503) sha256=2ec78c1683a63149423661b35571ee4b74306217ab944b23f86efe7f0b216a6c
OK   red/red v0.6.2 (470/470) sha256=e448318e5754d7e591c7a687c250d4e41cb8ab63836ef7aa706fc05866f1bbf5
OK   red/red v0.6.1 (437/437) sha256=eb19dba0ae7d49aead021497c36ce0b6489f9663f2afc62d98c7217f5def947a
OK   red/red v0.6.0 (428/428) sha256=dc7a3ad9b18829547a01628d9f35904fb35882ce7dce3e4294ae601716fc0c79
OK   red/red v0.5.4 (365/365) sha256=1fffd12c29b11f6aa7fc500c5d3ea1f2820758f68c4b598f1003f2440a7ae3ea
OK   red/red v0.4.3 (323/323) sha256=f0d69ee1f58fcde54e32ca5d11fec57e7f8a817a7eea437c35d69a4c6d7743b5
OK   red/red v0.3.3 (273/273) sha256=6bd084ad7a3c6736ea8837ca7b173879c36929d83f648713bed7e9ce1643c0b2
OK   red/red v0.2.6 (129/129) sha256=e7b66583781d88fe816b98b9c32816dae965b16321f7bcf3f4c05fea37f12ba3
OK   red/red v0.1.1 (20/20) sha256=a22232de99e4aa3badc96c803c73e775a8ead391dddb9ef4c1ed49ae5ae510d9
OK   rebol/rebol 25033f897b2bd466068d7663563cd3ff64740b94 (220/220) sha256=ffe75f829fd414aa61466bb357362c9df02849cc4daf5febefc3195074761244
OK   rebolsource/r3 98cdfcd6e439390756868b390b0ff8aa01d84551 (221/221) sha256=90932ec932e5f4dece8157821d14510f3c61b9ad53b28c9aafe28be3238c4b69
OK   metaeducation/ren-c e31d5698d73678d797df319eb855b3995716d9f1 (1082/1082) sha256=273627e44f19e12e64efe5efa67043ffe83a1a45c880576a5c85b750873c26f8
OK   Oldes/Rebol3 d5b237cea60d06b72c59bb6dbed0022b482f4c57 (900/900) sha256=45ab2a0712f3eb8abf39e739ab60860e6c228b6817649bfe86aeb3356d285fbf
OK   Oldes/Rebol3 3.22.1 (898/898) sha256=9063516b0448e456efe9800d24ff063cf661a35b0f215231829c5f3fd9bd4f2a
OK   rebolsource/rebol-syntax 4ff11396312d0ccd8490191571206f628be79e8e (4/4) sha256=167850465379eced0f95cb5c2629d497cba466705b292b91a5e23950028a6c8a
OK   rebolsource/rebol-test 409ef5c2270a766a6262d883e6fc5ea9d1ec6234 (27/27) sha256=681a68b89c4c285d930d629865e9f6db7b4b2c066f3b3d3cff076bc205fddf99
OK   rebol/projects HEAD (3/3) sha256=2661ee882d83da1ff048d8fb4901920f3596936eb9a089a54776109fe99ae03c
OK   red/REP HEAD (8/8) sha256=5dfee58fb0fb932db8b191d9002e88d5cfe83cca8f7b39315c97c49104a41ada
OK   red/docs HEAD (325/325) sha256=23f56b30938987521e9a52eacfbcdf8c9e1f9576c73dc68d4bc8a522df879f82

verified: 22 ok, 0 failed
done.


STDERR:

